// Vitest Snapshot v1

exports[`Button > should render 1`] = `"<button class=\\"bg-accent-interactive text-accent-interactive-contrast p-x8 p-y1\\" _rounded-full=\\"\\" _inline-block=\\"\\" _fw600=\\"\\" _text-center=\\"\\" _transition-all=\\"\\" _cursor-pointer=\\"\\" _select-none=\\"\\" _disabled:pointer-events-none=\\"\\" _disabled:op30=\\"\\" _flex=\\"\\" _justify-center=\\"\\" _items-center=\\"\\">abc</button>"`;
