// Vitest Snapshot v1

exports[`login page > should render 1`] = `
"<div _flex=\\"~ col\\" _items-center=\\"\\">
  <div _h=\\"[15%]\\"></div>
  <div _flex=\\"~ col\\" _items-center=\\"\\" _text-center=\\"\\" _gap3=\\"\\">
    <transition-group-stub enterfromclass=\\"op0\\" leavetoclass=\\"op0\\" moveclass=\\"duration-300 z-1\\" enteractiveclass=\\"pointer-events-none duration-300\\" leaveactiveclass=\\"absolute pointer-events-none duration-300\\" appear=\\"false\\" persisted=\\"false\\" css=\\"true\\">
      <!--v-if-->
      <div>
        <div>login.username</div><input placeholder=\\"\\" type=\\"text\\" class=\\"p-x2 p-y1 w72 max-w-full bg-primary rounded placeholder:text-sm placeholder:italic placeholder:text-primary-contrast/75 border-1px outline outline-2px outline-offset-0 outline-transparent hover:outline-accent !focus:outline-accent-focus transition-colors transition-property-[outline] border-primary-contrast/30\\" autocomplete=\\"false\\" _text-center=\\"\\">
      </div>
      <div>
        <div>login.password</div><input placeholder=\\"\\" type=\\"password\\" class=\\"p-x2 p-y1 w72 max-w-full bg-primary rounded placeholder:text-sm placeholder:italic placeholder:text-primary-contrast/75 border-1px outline outline-2px outline-offset-0 outline-transparent hover:outline-accent !focus:outline-accent-focus transition-colors transition-property-[outline] border-primary-contrast/30\\" autocomplete=\\"false\\" _text-center=\\"\\">
      </div>
      <div _flex=\\"~ col\\" _items-center=\\"\\" _text-center=\\"\\" _gap2=\\"\\"><button class=\\"bg-accent-interactive p-x4 p-y.5\\" disabled=\\"\\" _rounded=\\"\\" _inline-block=\\"\\" _fw600=\\"\\" _text-accent-interactive-contrast=\\"\\" _transition-colors=\\"\\" _cursor-pointer=\\"\\" _select-none=\\"\\" _disabled:pointer-events-none=\\"\\">login.log_in</button><button class=\\"bg-accent-alt-interactive p-x3 p-y.5 text-sm\\" _rounded=\\"\\" _inline-block=\\"\\" _fw600=\\"\\" _text-accent-interactive-contrast=\\"\\" _transition-colors=\\"\\" _cursor-pointer=\\"\\" _select-none=\\"\\" _disabled:pointer-events-none=\\"\\">login.enable_local_profile</button></div>
      <div>login.has_no_account <a href=\\"/register\\" _inline-block=\\"\\" _underline=\\"\\" _fw500=\\"\\" _text-primary-contrast-interactive=\\"\\" _transition-colors=\\"\\" _cursor-pointer=\\"\\" _select-none=\\"\\">login.sign_up</a></div>
    </transition-group-stub>
  </div>
</div>"
`;
